
> ist-plus-tourism@0.1.0 build
> next build

⚠ `eslint` configuration in next.config.ts is no longer supported. See more info here: https://nextjs.org/docs/app/api-reference/cli/next#next-lint-options
⚠ Invalid next.config.ts options detected: 
⚠     Unrecognized key(s) in object: 'eslint'
⚠ See more info here: https://nextjs.org/docs/messages/invalid-next-config
▲ Next.js 16.1.4 (Turbopack)

  Creating an optimized production build ...
Error: Cannot apply unknown utility class `border-border`. Are you using CSS modules or similar and missing `@reference`? https://tailwindcss.com/docs/functions-and-directives#reference-directive
    [2m[at onInvalidCandidate (C:\Users\obama\.gemini\antigravity\scratch\ist-plus-tourism\node_modules\tailwindcss\dist\lib.js:21:1314)][0m
    [2m[at Te (C:\Users\obama\.gemini\antigravity\scratch\ist-plus-tourism\node_modules\tailwindcss\dist\lib.js:16:36652)][0m
    [2m[at C:\Users\obama\.gemini\antigravity\scratch\ist-plus-tourism\node_modules\tailwindcss\dist\lib.js:21:355][0m
    [2m[at Rr (C:\Users\obama\.gemini\antigravity\scratch\ist-plus-tourism\node_modules\tailwindcss\dist\lib.js:3:1718)][0m
    [2m[at _ (C:\Users\obama\.gemini\antigravity\scratch\ist-plus-tourism\node_modules\tailwindcss\dist\lib.js:3:1377)][0m
    [2m[at $e (C:\Users\obama\.gemini\antigravity\scratch\ist-plus-tourism\node_modules\tailwindcss\dist\lib.js:21:172)][0m
    [2m[at un (C:\Users\obama\.gemini\antigravity\scratch\ist-plus-tourism\node_modules\tailwindcss\dist\lib.js:38:294)][0m
    [2m[at process.processTicksAndRejections (node:internal/process/task_queues:105:5)][0m
    [2m[at async cn (C:\Users\obama\.gemini\antigravity\scratch\ist-plus-tourism\node_modules\tailwindcss\dist\lib.js:38:631)][0m
    [2m[at async Xr (C:\Users\obama\.gemini\antigravity\scratch\ist-plus-tourism\node_modules\@tailwindcss\node\dist\index.js:10:3417)][0m

> Build error occurred
Error: Turbopack build failed with 9 errors:
./app/globals.css
Error evaluating Node.js code
CssSyntaxError: tailwindcss: C:\Users\obama\.gemini\antigravity\scratch\ist-plus-tourism\app\globals.css:1:1: Cannot apply unknown utility class `border-border`. Are you using CSS modules or similar and missing `@reference`? https://tailwindcss.com/docs/functions-and-directives#reference-directive
    at Input.error (node_modules/postcss/lib/input.js:135:16) [C:\Users\obama\.gemini\antigravity\scratch\ist-plus-tourism\.next\build\chunks\node_modules_fe693df6._.js:4651:22]
    at Root.error (node_modules/postcss/lib/node.js:146:32) [C:\Users\obama\.gemini\antigravity\scratch\ist-plus-tourism\.next\build\chunks\node_modules_fe693df6._.js:928:38]
    [at Object.Once (C:\Users\obama\.gemini\antigravity\scratch\ist-plus-tourism\node_modules\@tailwindcss\postcss\dist\index.js:10:6911)]
    [at process.processTicksAndRejections (node:internal/process/task_queues:105:5)]
    at async LazyResult.runAsync (node_modules/postcss/lib/lazy-result.js:293:11) [C:\Users\obama\.gemini\antigravity\scratch\ist-plus-tourism\.next\build\chunks\node_modules_fe693df6._.js:6206:21]
    at async transform (turbopack:///[turbopack-node]/transforms/postcss.ts:70:34) [C:\Users\obama\.gemini\antigravity\scratch\ist-plus-tourism\.next\build\chunks\[root-of-the-server]__51225daf._.js:146:36]
    at async run (turbopack:///[turbopack-node]/ipc/evaluate.ts:92:23) [C:\Users\obama\.gemini\antigravity\scratch\ist-plus-tourism\.next\build\chunks\[root-of-the-server]__974941ed._.js:443:31]

Import trace:
  Client Component Browser:
    ./app/globals.css [Client Component Browser]
    ./app/layout.tsx [Server Component]


./app/page.tsx:1:1
Module not found: Can't resolve '@/components/3d/HeroScene'
[0m[31m[1m>[22m[39m[90m 1 |[39m [36mimport[39m { [33mHeroScene[39m } [36mfrom[39m [32m"@/components/3d/HeroScene"[39m[33m;[39m
 [90m   |[39m [31m[1m^[22m[39m[31m[1m^[22m[39m[31m[1m^[22m[39m[31m[1m^[22m[39m[31m[1m^[22m[39m[31m[1m^[22m[39m[31m[1m^[22m[39m[31m[1m^[22m[39m[31m[1m^[22m[39m[31m[1m^[22m[39m[31m[1m^[22m[39m[31m[1m^[22m[39m[31m[1m^[22m[39m[31m[1m^[22m[39m[31m[1m^[22m[39m[31m[1m^[22m[39m[31m[1m^[22m[39m[31m[1m^[22m[39m[31m[1m^[22m[39m[31m[1m^[22m[39m[31m[1m^[22m[39m[31m[1m^[22m[39m[31m[1m^[22m[39m[31m[1m^[22m[39m[31m[1m^[22m[39m[31m[1m^[22m[39m[31m[1m^[22m[39m[31m[1m^[22m[39m[31m[1m^[22m[39m[31m[1m^[22m[39m[31m[1m^[22m[39m[31m[1m^[22m[39m[31m[1m^[22m[39m[31m[1m^[22m[39m[31m[1m^[22m[39m[31m[1m^[22m[39m[31m[1m^[22m[39m[31m[1m^[22m[39m[31m[1m^[22m[39m[31m[1m^[22m[39m[31m[1m^[22m[39m[31m[1m^[22m[39m[31m[1m^[22m[39m[31m[1m^[22m[39m[31m[1m^[22m[39m[31m[1m^[22m[39m[31m[1m^[22m[39m[31m[1m^[22m[39m[31m[1m^[22m[39m[31m[1m^[22m[39m[31m[1m^[22m[39m[31m[1m^[22m[39m[31m[1m^[22m[39m[31m[1m^[22m[39m
 [90m 2 |[39m [36mimport[39m { [33mButton[39m } [36mfrom[39m [32m"@/components/ui/button"[39m[33m;[39m
 [90m 3 |[39m [36mimport[39m [33mLink[39m [36mfrom[39m [32m"next/link"[39m[33m;[39m
 [90m 4 |[39m[0m

Import map: aliased to relative './src/components/3d/HeroScene' inside of [project]/


https://nextjs.org/docs/messages/module-not-found


./app/admin/page.tsx:4:1
Module not found: Can't resolve '@/components/ui/button'
[0m [90m 2 |[39m
 [90m 3 |[39m [36mimport[39m { useEffect[33m,[39m useState } [36mfrom[39m [32m"react"[39m[33m;[39m
[31m[1m>[22m[39m[90m 4 |[39m [36mimport[39m { [33mButton[39m } [36mfrom[39m [32m"@/components/ui/button"[39m[33m;[39m
 [90m   |[39m [31m[1m^[22m[39m[31m[1m^[22m[39m[31m[1m^[22m[39m[31m[1m^[22m[39m[31m[1m^[22m[39m[31m[1m^[22m[39m[31m[1m^[22m[39m[31m[1m^[22m[39m[31m[1m^[22m[39m[31m[1m^[22m[39m[31m[1m^[22m[39m[31m[1m^[22m[39m[31m[1m^[22m[39m[31m[1m^[22m[39m[31m[1m^[22m[39m[31m[1m^[22m[39m[31m[1m^[22m[39m[31m[1m^[22m[39m[31m[1m^[22m[39m[31m[1m^[22m[39m[31m[1m^[22m[39m[31m[1m^[22m[39m[31m[1m^[22m[39m[31m[1m^[22m[39m[31m[1m^[22m[39m[31m[1m^[22m[39m[31m[1m^[22m[39m[31m[1m^[22m[39m[31m[1m^[22m[39m[31m[1m^[22m[39m[31m[1m^[22m[39m[31m[1m^[22m[39m[31m[1m^[22m[39m[31m[1m^[22m[39m[31m[1m^[22m[39m[31m[1m^[22m[39m[31m[1m^[22m[39m[31m[1m^[22m[39m[31m[1m^[22m[39m[31m[1m^[22m[39m[31m[1m^[22m[39m[31m[1m^[22m[39m[31m[1m^[22m[39m[31m[1m^[22m[39m[31m[1m^[22m[39m[31m[1m^[22m[39m[31m[1m^[22m[39m[31m[1m^[22m[39m
 [90m 5 |[39m
 [90m 6 |[39m [90m// Mock types matching DB schema[39m
 [90m 7 |[39m type [33mReservation[39m [33m=[39m {[0m

Import map: aliased to relative './src/components/ui/button' inside of [project]/


Import traces:
  Client Component Browser:
    ./app/admin/page.tsx [Client Component Browser]
    ./app/admin/page.tsx [Server Component]

  Client Component SSR:
    ./app/admin/page.tsx [Client Component SSR]
    ./app/admin/page.tsx [Server Component]

https://nextjs.org/docs/messages/module-not-found


./app/page.tsx:2:1
Module not found: Can't resolve '@/components/ui/button'
[0m [90m 1 |[39m [36mimport[39m { [33mHeroScene[39m } [36mfrom[39m [32m"@/components/3d/HeroScene"[39m[33m;[39m
[31m[1m>[22m[39m[90m 2 |[39m [36mimport[39m { [33mButton[39m } [36mfrom[39m [32m"@/components/ui/button"[39m[33m;[39m
 [90m   |[39m [31m[1m^[22m[39m[31m[1m^[22m[39m[31m[1m^[22m[39m[31m[1m^[22m[39m[31m[1m^[22m[39m[31m[1m^[22m[39m[31m[1m^[22m[39m[31m[1m^[22m[39m[31m[1m^[22m[39m[31m[1m^[22m[39m[31m[1m^[22m[39m[31m[1m^[22m[39m[31m[1m^[22m[39m[31m[1m^[22m[39m[31m[1m^[22m[39m[31m[1m^[22m[39m[31m[1m^[22m[39m[31m[1m^[22m[39m[31m[1m^[22m[39m[31m[1m^[22m[39m[31m[1m^[22m[39m[31m[1m^[22m[39m[31m[1m^[22m[39m[31m[1m^[22m[39m[31m[1m^[22m[39m[31m[1m^[22m[39m[31m[1m^[22m[39m[31m[1m^[22m[39m[31m[1m^[22m[39m[31m[1m^[22m[39m[31m[1m^[22m[39m[31m[1m^[22m[39m[31m[1m^[22m[39m[31m[1m^[22m[39m[31m[1m^[22m[39m[31m[1m^[22m[39m[31m[1m^[22m[39m[31m[1m^[22m[39m[31m[1m^[22m[39m[31m[1m^[22m[39m[31m[1m^[22m[39m[31m[1m^[22m[39m[31m[1m^[22m[39m[31m[1m^[22m[39m[31m[1m^[22m[39m[31m[1m^[22m[39m[31m[1m^[22m[39m[31m[1m^[22m[39m
 [90m 3 |[39m [36mimport[39m [33mLink[39m [36mfrom[39m [32m"next/link"[39m[33m;[39m
 [90m 4 |[39m
 [90m 5 |[39m [36mexport[39m [36mdefault[39m [36mfunction[39m [33mHome[39m() {[0m

Import map: aliased to relative './src/components/ui/button' inside of [project]/


https://nextjs.org/docs/messages/module-not-found


./app/reservations/page.tsx:4:1
Module not found: Can't resolve '@/components/ui/button'
[0m [90m 2 |[39m
 [90m 3 |[39m [36mimport[39m { useForm } [36mfrom[39m [32m"react-hook-form"[39m[33m;[39m
[31m[1m>[22m[39m[90m 4 |[39m [36mimport[39m { [33mButton[39m } [36mfrom[39m [32m"@/components/ui/button"[39m[33m;[39m
 [90m   |[39m [31m[1m^[22m[39m[31m[1m^[22m[39m[31m[1m^[22m[39m[31m[1m^[22m[39m[31m[1m^[22m[39m[31m[1m^[22m[39m[31m[1m^[22m[39m[31m[1m^[22m[39m[31m[1m^[22m[39m[31m[1m^[22m[39m[31m[1m^[22m[39m[31m[1m^[22m[39m[31m[1m^[22m[39m[31m[1m^[22m[39m[31m[1m^[22m[39m[31m[1m^[22m[39m[31m[1m^[22m[39m[31m[1m^[22m[39m[31m[1m^[22m[39m[31m[1m^[22m[39m[31m[1m^[22m[39m[31m[1m^[22m[39m[31m[1m^[22m[39m[31m[1m^[22m[39m[31m[1m^[22m[39m[31m[1m^[22m[39m[31m[1m^[22m[39m[31m[1m^[22m[39m[31m[1m^[22m[39m[31m[1m^[22m[39m[31m[1m^[22m[39m[31m[1m^[22m[39m[31m[1m^[22m[39m[31m[1m^[22m[39m[31m[1m^[22m[39m[31m[1m^[22m[39m[31m[1m^[22m[39m[31m[1m^[22m[39m[31m[1m^[22m[39m[31m[1m^[22m[39m[31m[1m^[22m[39m[31m[1m^[22m[39m[31m[1m^[22m[39m[31m[1m^[22m[39m[31m[1m^[22m[39m[31m[1m^[22m[39m[31m[1m^[22m[39m[31m[1m^[22m[39m
 [90m 5 |[39m [36mimport[39m { useState } [36mfrom[39m [32m"react"[39m[33m;[39m
 [90m 6 |[39m [36mimport[39m { useRouter } [36mfrom[39m [32m"next/navigation"[39m[33m;[39m
 [90m 7 |[39m[0m

Import map: aliased to relative './src/components/ui/button' inside of [project]/


Import traces:
  Client Component Browser:
    ./app/reservations/page.tsx [Client Component Browser]
    ./app/reservations/page.tsx [Server Component]

  Client Component SSR:
    ./app/reservations/page.tsx [Client Component SSR]
    ./app/reservations/page.tsx [Server Component]

https://nextjs.org/docs/messages/module-not-found


./app/layout.tsx:4:1
Module not found: Can't resolve '@/components/ui/navbar'
[0m [90m 2 |[39m [36mimport[39m { [33mInter[39m[33m,[39m [33mPlayfair_Display[39m } [36mfrom[39m [32m"next/font/google"[39m[33m;[39m
 [90m 3 |[39m [36mimport[39m [32m"./globals.css"[39m[33m;[39m
[31m[1m>[22m[39m[90m 4 |[39m [36mimport[39m { [33mNavbar[39m } [36mfrom[39m [32m"@/components/ui/navbar"[39m[33m;[39m
 [90m   |[39m [31m[1m^[22m[39m[31m[1m^[22m[39m[31m[1m^[22m[39m[31m[1m^[22m[39m[31m[1m^[22m[39m[31m[1m^[22m[39m[31m[1m^[22m[39m[31m[1m^[22m[39m[31m[1m^[22m[39m[31m[1m^[22m[39m[31m[1m^[22m[39m[31m[1m^[22m[39m[31m[1m^[22m[39m[31m[1m^[22m[39m[31m[1m^[22m[39m[31m[1m^[22m[39m[31m[1m^[22m[39m[31m[1m^[22m[39m[31m[1m^[22m[39m[31m[1m^[22m[39m[31m[1m^[22m[39m[31m[1m^[22m[39m[31m[1m^[22m[39m[31m[1m^[22m[39m[31m[1m^[22m[39m[31m[1m^[22m[39m[31m[1m^[22m[39m[31m[1m^[22m[39m[31m[1m^[22m[39m[31m[1m^[22m[39m[31m[1m^[22m[39m[31m[1m^[22m[39m[31m[1m^[22m[39m[31m[1m^[22m[39m[31m[1m^[22m[39m[31m[1m^[22m[39m[31m[1m^[22m[39m[31m[1m^[22m[39m[31m[1m^[22m[39m[31m[1m^[22m[39m[31m[1m^[22m[39m[31m[1m^[22m[39m[31m[1m^[22m[39m[31m[1m^[22m[39m[31m[1m^[22m[39m[31m[1m^[22m[39m[31m[1m^[22m[39m[31m[1m^[22m[39m
 [90m 5 |[39m [36mimport[39m { cn } [36mfrom[39m [32m"@/lib/utils"[39m[33m;[39m
 [90m 6 |[39m
 [90m 7 |[39m [36mconst[39m inter [33m=[39m [33mInter[39m({ subsets[33m:[39m [[32m"latin"[39m][33m,[39m variable[33m:[39m [32m"--font-inter"[39m })[33m;[39m[0m

Import map: aliased to relative './src/components/ui/navbar' inside of [project]/


https://nextjs.org/docs/messages/module-not-found


./app/api/flights/route.ts:1:1
Module not found: Can't resolve '@/lib/db'
[0m[31m[1m>[22m[39m[90m 1 |[39m [36mimport[39m { db } [36mfrom[39m [32m"@/lib/db"[39m[33m;[39m
 [90m   |[39m [31m[1m^[22m[39m[31m[1m^[22m[39m[31m[1m^[22m[39m[31m[1m^[22m[39m[31m[1m^[22m[39m[31m[1m^[22m[39m[31m[1m^[22m[39m[31m[1m^[22m[39m[31m[1m^[22m[39m[31m[1m^[22m[39m[31m[1m^[22m[39m[31m[1m^[22m[39m[31m[1m^[22m[39m[31m[1m^[22m[39m[31m[1m^[22m[39m[31m[1m^[22m[39m[31m[1m^[22m[39m[31m[1m^[22m[39m[31m[1m^[22m[39m[31m[1m^[22m[39m[31m[1m^[22m[39m[31m[1m^[22m[39m[31m[1m^[22m[39m[31m[1m^[22m[39m[31m[1m^[22m[39m[31m[1m^[22m[39m[31m[1m^[22m[39m[31m[1m^[22m[39m[31m[1m^[22m[39m[31m[1m^[22m[39m
 [90m 2 |[39m [36mimport[39m { [33mNextResponse[39m } [36mfrom[39m [32m"next/server"[39m[33m;[39m
 [90m 3 |[39m
 [90m 4 |[39m [36mexport[39m [36masync[39m [36mfunction[39m [33mGET[39m() {[0m

Import map: aliased to relative './src/lib/db' inside of [project]/


https://nextjs.org/docs/messages/module-not-found


./app/api/reservations/route.ts:1:1
Module not found: Can't resolve '@/lib/db'
[0m[31m[1m>[22m[39m[90m 1 |[39m [36mimport[39m { db } [36mfrom[39m [32m"@/lib/db"[39m[33m;[39m
 [90m   |[39m [31m[1m^[22m[39m[31m[1m^[22m[39m[31m[1m^[22m[39m[31m[1m^[22m[39m[31m[1m^[22m[39m[31m[1m^[22m[39m[31m[1m^[22m[39m[31m[1m^[22m[39m[31m[1m^[22m[39m[31m[1m^[22m[39m[31m[1m^[22m[39m[31m[1m^[22m[39m[31m[1m^[22m[39m[31m[1m^[22m[39m[31m[1m^[22m[39m[31m[1m^[22m[39m[31m[1m^[22m[39m[31m[1m^[22m[39m[31m[1m^[22m[39m[31m[1m^[22m[39m[31m[1m^[22m[39m[31m[1m^[22m[39m[31m[1m^[22m[39m[31m[1m^[22m[39m[31m[1m^[22m[39m[31m[1m^[22m[39m[31m[1m^[22m[39m[31m[1m^[22m[39m[31m[1m^[22m[39m[31m[1m^[22m[39m
 [90m 2 |[39m [36mimport[39m { [33mNextResponse[39m } [36mfrom[39m [32m"next/server"[39m[33m;[39m
 [90m 3 |[39m
 [90m 4 |[39m [36mexport[39m [36masync[39m [36mfunction[39m [33mPOST[39m(req[33m:[39m [33mRequest[39m) {[0m

Import map: aliased to relative './src/lib/db' inside of [project]/


https://nextjs.org/docs/messages/module-not-found


./app/layout.tsx:5:1
Module not found: Can't resolve '@/lib/utils'
[0m [90m 3 |[39m [36mimport[39m [32m"./globals.css"[39m[33m;[39m
 [90m 4 |[39m [36mimport[39m { [33mNavbar[39m } [36mfrom[39m [32m"@/components/ui/navbar"[39m[33m;[39m
[31m[1m>[22m[39m[90m 5 |[39m [36mimport[39m { cn } [36mfrom[39m [32m"@/lib/utils"[39m[33m;[39m
 [90m   |[39m [31m[1m^[22m[39m[31m[1m^[22m[39m[31m[1m^[22m[39m[31m[1m^[22m[39m[31m[1m^[22m[39m[31m[1m^[22m[39m[31m[1m^[22m[39m[31m[1m^[22m[39m[31m[1m^[22m[39m[31m[1m^[22m[39m[31m[1m^[22m[39m[31m[1m^[22m[39m[31m[1m^[22m[39m[31m[1m^[22m[39m[31m[1m^[22m[39m[31m[1m^[22m[39m[31m[1m^[22m[39m[31m[1m^[22m[39m[31m[1m^[22m[39m[31m[1m^[22m[39m[31m[1m^[22m[39m[31m[1m^[22m[39m[31m[1m^[22m[39m[31m[1m^[22m[39m[31m[1m^[22m[39m[31m[1m^[22m[39m[31m[1m^[22m[39m[31m[1m^[22m[39m[31m[1m^[22m[39m[31m[1m^[22m[39m[31m[1m^[22m[39m[31m[1m^[22m[39m[31m[1m^[22m[39m
 [90m 6 |[39m
 [90m 7 |[39m [36mconst[39m inter [33m=[39m [33mInter[39m({ subsets[33m:[39m [[32m"latin"[39m][33m,[39m variable[33m:[39m [32m"--font-inter"[39m })[33m;[39m
 [90m 8 |[39m [36mconst[39m playfair [33m=[39m [33mPlayfair_Display[39m({ subsets[33m:[39m [[32m"latin"[39m][33m,[39m variable[33m:[39m [32m"--font-playfair"[39m })[33m;[39m[0m

Import map: aliased to relative './src/lib/utils' inside of [project]/


https://nextjs.org/docs/messages/module-not-found


    at async transform (turbopack:///[turbopack-node]/transforms/postcss.ts:70:34) [C:\Users\obama\.gemini\antigravity\scratch\ist-plus-tourism\.next\build\chunks\[root-of-the-server]__51225daf._.js:146:36])
    at async run (turbopack:///[turbopack-node]/ipc/evaluate.ts:92:23) [C:\Users\obama\.gemini\antigravity\scratch\ist-plus-tourism\.next\build\chunks\[root-of-the-server]__974941ed._.js:443:31])
    at <unknown> (./app/page.tsx:1:1)
    at <unknown> (https://nextjs.org/docs/messages/module-not-found)
    at <unknown> (./app/admin/page.tsx:4:1)
    at <unknown> (https://nextjs.org/docs/messages/module-not-found)
    at <unknown> (./app/page.tsx:2:1)
    at <unknown> (https://nextjs.org/docs/messages/module-not-found)
    at <unknown> (./app/reservations/page.tsx:4:1)
    at <unknown> (https://nextjs.org/docs/messages/module-not-found)
    at <unknown> (./app/layout.tsx:4:1)
    at <unknown> (https://nextjs.org/docs/messages/module-not-found)
    at <unknown> (./app/api/flights/route.ts:1:1)
    at <unknown> (https://nextjs.org/docs/messages/module-not-found)
    at <unknown> (./app/api/reservations/route.ts:1:1)
    at <unknown> (https://nextjs.org/docs/messages/module-not-found)
    at <unknown> (./app/layout.tsx:5:1)
    at <unknown> (https://nextjs.org/docs/messages/module-not-found)
